ARM GAS  C:\Users\a83571\AppData\Local\Temp\ccJHejXJ.s 			page 1


   1              		.cpu cortex-m0
   2              		.fpu softvfp
   3              		.eabi_attribute 20, 1
   4              		.eabi_attribute 21, 1
   5              		.eabi_attribute 23, 3
   6              		.eabi_attribute 24, 1
   7              		.eabi_attribute 25, 1
   8              		.eabi_attribute 26, 1
   9              		.eabi_attribute 30, 1
  10              		.eabi_attribute 34, 0
  11              		.eabi_attribute 18, 4
  12              		.code	16
  13              		.file	"CapSense_PM.c"
  14              		.text
  15              	.Ltext0:
  16              		.cfi_sections	.debug_frame
  17              		.section	.text.CapSense_SaveConfig,"ax",%progbits
  18              		.align	2
  19              		.global	CapSense_SaveConfig
  20              		.code	16
  21              		.thumb_func
  22              		.type	CapSense_SaveConfig, %function
  23              	CapSense_SaveConfig:
  24              	.LFB36:
  25              		.file 1 "Generated_Source\\PSoC4\\CapSense_PM.c"
   1:Generated_Source\PSoC4/CapSense_PM.c **** /*******************************************************************************
   2:Generated_Source\PSoC4/CapSense_PM.c **** * File Name: CapSense_PM.c
   3:Generated_Source\PSoC4/CapSense_PM.c **** * Version 2.50
   4:Generated_Source\PSoC4/CapSense_PM.c **** *
   5:Generated_Source\PSoC4/CapSense_PM.c **** * Description:
   6:Generated_Source\PSoC4/CapSense_PM.c **** *  This file provides Sleep APIs for CapSense CSD Component.
   7:Generated_Source\PSoC4/CapSense_PM.c **** *
   8:Generated_Source\PSoC4/CapSense_PM.c **** * Note:
   9:Generated_Source\PSoC4/CapSense_PM.c **** *
  10:Generated_Source\PSoC4/CapSense_PM.c **** ********************************************************************************
  11:Generated_Source\PSoC4/CapSense_PM.c **** * Copyright 2013-2016, Cypress Semiconductor Corporation.  All rights reserved.
  12:Generated_Source\PSoC4/CapSense_PM.c **** * You may use this file only in accordance with the license, terms, conditions,
  13:Generated_Source\PSoC4/CapSense_PM.c **** * disclaimers, and limitations in the end user license agreement accompanying
  14:Generated_Source\PSoC4/CapSense_PM.c **** * the software package with which this file was provided.
  15:Generated_Source\PSoC4/CapSense_PM.c **** *******************************************************************************/
  16:Generated_Source\PSoC4/CapSense_PM.c **** 
  17:Generated_Source\PSoC4/CapSense_PM.c **** #include "CapSense.h"
  18:Generated_Source\PSoC4/CapSense_PM.c **** 
  19:Generated_Source\PSoC4/CapSense_PM.c **** static CapSense_BACKUP_STRUCT CapSense_backup =
  20:Generated_Source\PSoC4/CapSense_PM.c **** {
  21:Generated_Source\PSoC4/CapSense_PM.c ****     0x00u, /* enableState; */
  22:Generated_Source\PSoC4/CapSense_PM.c **** };
  23:Generated_Source\PSoC4/CapSense_PM.c **** 
  24:Generated_Source\PSoC4/CapSense_PM.c **** 
  25:Generated_Source\PSoC4/CapSense_PM.c **** /*******************************************************************************
  26:Generated_Source\PSoC4/CapSense_PM.c **** * Function Name: CapSense_SaveConfig
  27:Generated_Source\PSoC4/CapSense_PM.c **** ********************************************************************************
  28:Generated_Source\PSoC4/CapSense_PM.c **** *
  29:Generated_Source\PSoC4/CapSense_PM.c **** * Summary:
  30:Generated_Source\PSoC4/CapSense_PM.c **** *  Saves the customer configuration of CapSense.
  31:Generated_Source\PSoC4/CapSense_PM.c **** *
  32:Generated_Source\PSoC4/CapSense_PM.c **** * Parameters:
ARM GAS  C:\Users\a83571\AppData\Local\Temp\ccJHejXJ.s 			page 2


  33:Generated_Source\PSoC4/CapSense_PM.c **** *  None
  34:Generated_Source\PSoC4/CapSense_PM.c **** *
  35:Generated_Source\PSoC4/CapSense_PM.c **** * Return:
  36:Generated_Source\PSoC4/CapSense_PM.c **** *  None
  37:Generated_Source\PSoC4/CapSense_PM.c **** *
  38:Generated_Source\PSoC4/CapSense_PM.c **** * Global Variables:
  39:Generated_Source\PSoC4/CapSense_PM.c **** *  CapSense_backup - used to save the component state before entering the  sleep
  40:Generated_Source\PSoC4/CapSense_PM.c **** *  mode and none-retention registers.
  41:Generated_Source\PSoC4/CapSense_PM.c **** *
  42:Generated_Source\PSoC4/CapSense_PM.c **** * Side Effects:
  43:Generated_Source\PSoC4/CapSense_PM.c **** *  None
  44:Generated_Source\PSoC4/CapSense_PM.c **** *
  45:Generated_Source\PSoC4/CapSense_PM.c **** *******************************************************************************/
  46:Generated_Source\PSoC4/CapSense_PM.c **** void CapSense_SaveConfig(void)
  47:Generated_Source\PSoC4/CapSense_PM.c **** {
  26              		.loc 1 47 0
  27              		.cfi_startproc
  48:Generated_Source\PSoC4/CapSense_PM.c ****     if ((CapSense_CSD_CFG_REG & CapSense_CSD_CFG_ENABLE) != 0u)
  28              		.loc 1 48 0
  29 0000 034B     		ldr	r3, .L3
  30 0002 1B68     		ldr	r3, [r3]
  31 0004 002B     		cmp	r3, #0
  32 0006 02DA     		bge	.L1
  49:Generated_Source\PSoC4/CapSense_PM.c ****     {
  50:Generated_Source\PSoC4/CapSense_PM.c ****         CapSense_backup.enableState = 1u;
  33              		.loc 1 50 0
  34 0008 0122     		mov	r2, #1
  35 000a 024B     		ldr	r3, .L3+4
  36 000c 1A70     		strb	r2, [r3]
  37              	.L1:
  51:Generated_Source\PSoC4/CapSense_PM.c ****     }
  52:Generated_Source\PSoC4/CapSense_PM.c **** }
  38              		.loc 1 52 0
  39              		@ sp needed
  40 000e 7047     		bx	lr
  41              	.L4:
  42              		.align	2
  43              	.L3:
  44 0010 04002840 		.word	1076363268
  45 0014 00000000 		.word	.LANCHOR0
  46              		.cfi_endproc
  47              	.LFE36:
  48              		.size	CapSense_SaveConfig, .-CapSense_SaveConfig
  49              		.section	.text.CapSense_Sleep,"ax",%progbits
  50              		.align	2
  51              		.global	CapSense_Sleep
  52              		.code	16
  53              		.thumb_func
  54              		.type	CapSense_Sleep, %function
  55              	CapSense_Sleep:
  56              	.LFB37:
  53:Generated_Source\PSoC4/CapSense_PM.c **** 
  54:Generated_Source\PSoC4/CapSense_PM.c **** 
  55:Generated_Source\PSoC4/CapSense_PM.c **** /*******************************************************************************
  56:Generated_Source\PSoC4/CapSense_PM.c **** * Function Name: CapSense_Sleep
  57:Generated_Source\PSoC4/CapSense_PM.c **** ********************************************************************************
  58:Generated_Source\PSoC4/CapSense_PM.c **** *
ARM GAS  C:\Users\a83571\AppData\Local\Temp\ccJHejXJ.s 			page 3


  59:Generated_Source\PSoC4/CapSense_PM.c **** * Summary:
  60:Generated_Source\PSoC4/CapSense_PM.c **** *  Disables the Active mode power.
  61:Generated_Source\PSoC4/CapSense_PM.c **** *
  62:Generated_Source\PSoC4/CapSense_PM.c **** * Parameters:
  63:Generated_Source\PSoC4/CapSense_PM.c **** *  None
  64:Generated_Source\PSoC4/CapSense_PM.c **** *
  65:Generated_Source\PSoC4/CapSense_PM.c **** * Return:
  66:Generated_Source\PSoC4/CapSense_PM.c **** *  None
  67:Generated_Source\PSoC4/CapSense_PM.c **** *
  68:Generated_Source\PSoC4/CapSense_PM.c **** * Global Variables:
  69:Generated_Source\PSoC4/CapSense_PM.c **** *  CapSense_backup - used to save the component state before entering the sleep
  70:Generated_Source\PSoC4/CapSense_PM.c **** *  mode.
  71:Generated_Source\PSoC4/CapSense_PM.c **** *
  72:Generated_Source\PSoC4/CapSense_PM.c **** *******************************************************************************/
  73:Generated_Source\PSoC4/CapSense_PM.c **** void CapSense_Sleep(void)
  74:Generated_Source\PSoC4/CapSense_PM.c **** {
  57              		.loc 1 74 0
  58              		.cfi_startproc
  59 0000 08B5     		push	{r3, lr}
  60              		.cfi_def_cfa_offset 8
  61              		.cfi_offset 3, -8
  62              		.cfi_offset 14, -4
  75:Generated_Source\PSoC4/CapSense_PM.c ****     CapSense_SaveConfig();
  63              		.loc 1 75 0
  64 0002 FFF7FEFF 		bl	CapSense_SaveConfig
  65              	.LVL0:
  76:Generated_Source\PSoC4/CapSense_PM.c **** 
  77:Generated_Source\PSoC4/CapSense_PM.c ****     /* Disable interrupt */
  78:Generated_Source\PSoC4/CapSense_PM.c ****     CyIntDisable(CapSense_ISR_NUMBER);
  66              		.loc 1 78 0
  67 0006 1020     		mov	r0, #16
  68 0008 FFF7FEFF 		bl	CyIntDisable
  69              	.LVL1:
  79:Generated_Source\PSoC4/CapSense_PM.c **** 
  80:Generated_Source\PSoC4/CapSense_PM.c ****     CapSense_CSD_CFG_REG &= ~(CapSense_CSD_CFG_SENSE_COMP_EN | CapSense_CSD_CFG_SENSE_EN);
  70              		.loc 1 80 0
  71 000c 064A     		ldr	r2, .L6
  72 000e 1168     		ldr	r1, [r2]
  73 0010 064B     		ldr	r3, .L6+4
  74 0012 0B40     		and	r3, r1
  75 0014 1360     		str	r3, [r2]
  81:Generated_Source\PSoC4/CapSense_PM.c **** 
  82:Generated_Source\PSoC4/CapSense_PM.c ****     #if(CapSense_IDAC_CNT == 2u)
  83:Generated_Source\PSoC4/CapSense_PM.c ****         CapSense_CSD_CFG_REG &= ~(CapSense_CSD_CFG_ENABLE);
  76              		.loc 1 83 0
  77 0016 1368     		ldr	r3, [r2]
  78 0018 5B00     		lsl	r3, r3, #1
  79 001a 5B08     		lsr	r3, r3, #1
  80 001c 1360     		str	r3, [r2]
  84:Generated_Source\PSoC4/CapSense_PM.c ****     #endif /* (CapSense_IDAC_CNT == 2u) */
  85:Generated_Source\PSoC4/CapSense_PM.c **** 
  86:Generated_Source\PSoC4/CapSense_PM.c ****     /* Disable Clocks */
  87:Generated_Source\PSoC4/CapSense_PM.c ****     CapSense_SenseClk_Stop();
  81              		.loc 1 87 0
  82 001e FFF7FEFF 		bl	CapSense_SenseClk_Stop
  83              	.LVL2:
  88:Generated_Source\PSoC4/CapSense_PM.c ****     CapSense_SampleClk_Stop();
ARM GAS  C:\Users\a83571\AppData\Local\Temp\ccJHejXJ.s 			page 4


  84              		.loc 1 88 0
  85 0022 FFF7FEFF 		bl	CapSense_SampleClk_Stop
  86              	.LVL3:
  89:Generated_Source\PSoC4/CapSense_PM.c **** }
  87              		.loc 1 89 0
  88              		@ sp needed
  89 0026 08BD     		pop	{r3, pc}
  90              	.L7:
  91              		.align	2
  92              	.L6:
  93 0028 04002840 		.word	1076363268
  94 002c FFEFF7FF 		.word	-528385
  95              		.cfi_endproc
  96              	.LFE37:
  97              		.size	CapSense_Sleep, .-CapSense_Sleep
  98              		.section	.text.CapSense_RestoreConfig,"ax",%progbits
  99              		.align	2
 100              		.global	CapSense_RestoreConfig
 101              		.code	16
 102              		.thumb_func
 103              		.type	CapSense_RestoreConfig, %function
 104              	CapSense_RestoreConfig:
 105              	.LFB38:
  90:Generated_Source\PSoC4/CapSense_PM.c **** 
  91:Generated_Source\PSoC4/CapSense_PM.c **** 
  92:Generated_Source\PSoC4/CapSense_PM.c **** /*******************************************************************************
  93:Generated_Source\PSoC4/CapSense_PM.c **** * Function Name: CapSense_RestoreConfig
  94:Generated_Source\PSoC4/CapSense_PM.c **** ********************************************************************************
  95:Generated_Source\PSoC4/CapSense_PM.c **** *
  96:Generated_Source\PSoC4/CapSense_PM.c **** * Summary:
  97:Generated_Source\PSoC4/CapSense_PM.c **** *  Restores the CapSense configuration.
  98:Generated_Source\PSoC4/CapSense_PM.c **** *
  99:Generated_Source\PSoC4/CapSense_PM.c **** * Parameters:
 100:Generated_Source\PSoC4/CapSense_PM.c **** *  None
 101:Generated_Source\PSoC4/CapSense_PM.c **** *
 102:Generated_Source\PSoC4/CapSense_PM.c **** * Return:
 103:Generated_Source\PSoC4/CapSense_PM.c **** *  None
 104:Generated_Source\PSoC4/CapSense_PM.c **** *
 105:Generated_Source\PSoC4/CapSense_PM.c **** * Side Effects:
 106:Generated_Source\PSoC4/CapSense_PM.c **** *  Must be called only after CapSense_SaveConfig() routine. Otherwise
 107:Generated_Source\PSoC4/CapSense_PM.c **** *  the component configuration will be overwritten with its initial setting.
 108:Generated_Source\PSoC4/CapSense_PM.c **** *
 109:Generated_Source\PSoC4/CapSense_PM.c **** * Global Variables:
 110:Generated_Source\PSoC4/CapSense_PM.c **** *  CapSense_backup - used to save the component state before entering the sleep
 111:Generated_Source\PSoC4/CapSense_PM.c **** *  mode and none-retention registers.
 112:Generated_Source\PSoC4/CapSense_PM.c **** *
 113:Generated_Source\PSoC4/CapSense_PM.c **** *******************************************************************************/
 114:Generated_Source\PSoC4/CapSense_PM.c **** void CapSense_RestoreConfig(void)
 115:Generated_Source\PSoC4/CapSense_PM.c **** {
 106              		.loc 1 115 0
 107              		.cfi_startproc
 116:Generated_Source\PSoC4/CapSense_PM.c **** 
 117:Generated_Source\PSoC4/CapSense_PM.c **** }
 108              		.loc 1 117 0
 109              		@ sp needed
 110 0000 7047     		bx	lr
 111              		.cfi_endproc
ARM GAS  C:\Users\a83571\AppData\Local\Temp\ccJHejXJ.s 			page 5


 112              	.LFE38:
 113              		.size	CapSense_RestoreConfig, .-CapSense_RestoreConfig
 114 0002 C046     		.section	.text.CapSense_Wakeup,"ax",%progbits
 115              		.align	2
 116              		.global	CapSense_Wakeup
 117              		.code	16
 118              		.thumb_func
 119              		.type	CapSense_Wakeup, %function
 120              	CapSense_Wakeup:
 121              	.LFB39:
 118:Generated_Source\PSoC4/CapSense_PM.c **** 
 119:Generated_Source\PSoC4/CapSense_PM.c **** 
 120:Generated_Source\PSoC4/CapSense_PM.c **** /*******************************************************************************
 121:Generated_Source\PSoC4/CapSense_PM.c **** * Function Name: CapSense_Wakeup
 122:Generated_Source\PSoC4/CapSense_PM.c **** ********************************************************************************
 123:Generated_Source\PSoC4/CapSense_PM.c **** *
 124:Generated_Source\PSoC4/CapSense_PM.c **** * Summary:
 125:Generated_Source\PSoC4/CapSense_PM.c **** *  Restores the CapSense configuration and non-retention register values.
 126:Generated_Source\PSoC4/CapSense_PM.c **** *  Restores the enabled state of the component by setting the Active mode power template
 127:Generated_Source\PSoC4/CapSense_PM.c **** *  bits for a number of components used within CapSense.
 128:Generated_Source\PSoC4/CapSense_PM.c **** *
 129:Generated_Source\PSoC4/CapSense_PM.c **** * Parameters:
 130:Generated_Source\PSoC4/CapSense_PM.c **** *  None
 131:Generated_Source\PSoC4/CapSense_PM.c **** *
 132:Generated_Source\PSoC4/CapSense_PM.c **** * Return:
 133:Generated_Source\PSoC4/CapSense_PM.c **** *  None
 134:Generated_Source\PSoC4/CapSense_PM.c **** *
 135:Generated_Source\PSoC4/CapSense_PM.c **** * Global Variables:
 136:Generated_Source\PSoC4/CapSense_PM.c **** *  CapSense_backup - used to save the component state before entering the sleep
 137:Generated_Source\PSoC4/CapSense_PM.c **** *  mode and none-retention registers.
 138:Generated_Source\PSoC4/CapSense_PM.c **** *
 139:Generated_Source\PSoC4/CapSense_PM.c **** *******************************************************************************/
 140:Generated_Source\PSoC4/CapSense_PM.c **** void CapSense_Wakeup(void)
 141:Generated_Source\PSoC4/CapSense_PM.c **** {
 122              		.loc 1 141 0
 123              		.cfi_startproc
 124 0000 08B5     		push	{r3, lr}
 125              		.cfi_def_cfa_offset 8
 126              		.cfi_offset 3, -8
 127              		.cfi_offset 14, -4
 142:Generated_Source\PSoC4/CapSense_PM.c ****     /* Enable the Clocks */
 143:Generated_Source\PSoC4/CapSense_PM.c ****     CapSense_SenseClk_Start();
 128              		.loc 1 143 0
 129 0002 FF20     		mov	r0, #255
 130 0004 FFF7FEFF 		bl	CapSense_SenseClk_StartEx
 131              	.LVL4:
 144:Generated_Source\PSoC4/CapSense_PM.c ****     CapSense_SampleClk_Start();
 132              		.loc 1 144 0
 133 0008 FF20     		mov	r0, #255
 134 000a FFF7FEFF 		bl	CapSense_SampleClk_StartEx
 135              	.LVL5:
 145:Generated_Source\PSoC4/CapSense_PM.c **** 
 146:Generated_Source\PSoC4/CapSense_PM.c ****     /* Restore CapSense Enable state */
 147:Generated_Source\PSoC4/CapSense_PM.c ****     if (CapSense_backup.enableState != 0u)
 136              		.loc 1 147 0
 137 000e 034B     		ldr	r3, .L11
 138 0010 1B78     		ldrb	r3, [r3]
ARM GAS  C:\Users\a83571\AppData\Local\Temp\ccJHejXJ.s 			page 6


 139 0012 002B     		cmp	r3, #0
 140 0014 01D0     		beq	.L9
 148:Generated_Source\PSoC4/CapSense_PM.c ****     {
 149:Generated_Source\PSoC4/CapSense_PM.c ****         CapSense_Enable();
 141              		.loc 1 149 0
 142 0016 FFF7FEFF 		bl	CapSense_Enable
 143              	.LVL6:
 144              	.L9:
 150:Generated_Source\PSoC4/CapSense_PM.c ****     }
 151:Generated_Source\PSoC4/CapSense_PM.c **** }
 145              		.loc 1 151 0
 146              		@ sp needed
 147 001a 08BD     		pop	{r3, pc}
 148              	.L12:
 149              		.align	2
 150              	.L11:
 151 001c 00000000 		.word	.LANCHOR0
 152              		.cfi_endproc
 153              	.LFE39:
 154              		.size	CapSense_Wakeup, .-CapSense_Wakeup
 155              		.bss
 156              		.align	2
 157              		.set	.LANCHOR0,. + 0
 158              		.type	CapSense_backup, %object
 159              		.size	CapSense_backup, 1
 160              	CapSense_backup:
 161 0000 00       		.space	1
 162 0001 000000   		.text
 163              	.Letext0:
 164              		.file 2 "Generated_Source\\PSoC4\\cytypes.h"
 165              		.file 3 "Generated_Source\\PSoC4\\CapSense.h"
 166              		.file 4 "Generated_Source\\PSoC4\\CapSense_SenseClk.h"
 167              		.file 5 "Generated_Source\\PSoC4\\CapSense_SampleClk.h"
 168              		.file 6 "Generated_Source\\PSoC4\\CyLib.h"
 169              		.section	.debug_info,"",%progbits
 170              	.Ldebug_info0:
 171 0000 D3010000 		.4byte	0x1d3
 172 0004 0400     		.2byte	0x4
 173 0006 00000000 		.4byte	.Ldebug_abbrev0
 174 000a 04       		.byte	0x4
 175 000b 01       		.uleb128 0x1
 176 000c 3A010000 		.4byte	.LASF27
 177 0010 01       		.byte	0x1
 178 0011 CA000000 		.4byte	.LASF28
 179 0015 4C000000 		.4byte	.LASF29
 180 0019 00000000 		.4byte	.Ldebug_ranges0+0
 181 001d 00000000 		.4byte	0
 182 0021 00000000 		.4byte	.Ldebug_line0
 183 0025 02       		.uleb128 0x2
 184 0026 01       		.byte	0x1
 185 0027 06       		.byte	0x6
 186 0028 61020000 		.4byte	.LASF0
 187 002c 02       		.uleb128 0x2
 188 002d 01       		.byte	0x1
 189 002e 08       		.byte	0x8
 190 002f 9A000000 		.4byte	.LASF1
 191 0033 02       		.uleb128 0x2
ARM GAS  C:\Users\a83571\AppData\Local\Temp\ccJHejXJ.s 			page 7


 192 0034 02       		.byte	0x2
 193 0035 05       		.byte	0x5
 194 0036 11020000 		.4byte	.LASF2
 195 003a 02       		.uleb128 0x2
 196 003b 02       		.byte	0x2
 197 003c 07       		.byte	0x7
 198 003d 1E000000 		.4byte	.LASF3
 199 0041 02       		.uleb128 0x2
 200 0042 04       		.byte	0x4
 201 0043 05       		.byte	0x5
 202 0044 4C020000 		.4byte	.LASF4
 203 0048 02       		.uleb128 0x2
 204 0049 04       		.byte	0x4
 205 004a 07       		.byte	0x7
 206 004b B8000000 		.4byte	.LASF5
 207 004f 02       		.uleb128 0x2
 208 0050 08       		.byte	0x8
 209 0051 05       		.byte	0x5
 210 0052 C8010000 		.4byte	.LASF6
 211 0056 02       		.uleb128 0x2
 212 0057 08       		.byte	0x8
 213 0058 07       		.byte	0x7
 214 0059 1A010000 		.4byte	.LASF7
 215 005d 03       		.uleb128 0x3
 216 005e 04       		.byte	0x4
 217 005f 05       		.byte	0x5
 218 0060 696E7400 		.ascii	"int\000"
 219 0064 02       		.uleb128 0x2
 220 0065 04       		.byte	0x4
 221 0066 07       		.byte	0x7
 222 0067 0D010000 		.4byte	.LASF8
 223 006b 04       		.uleb128 0x4
 224 006c 32020000 		.4byte	.LASF9
 225 0070 02       		.byte	0x2
 226 0071 B901     		.2byte	0x1b9
 227 0073 2C000000 		.4byte	0x2c
 228 0077 04       		.uleb128 0x4
 229 0078 F6000000 		.4byte	.LASF10
 230 007c 02       		.byte	0x2
 231 007d BB01     		.2byte	0x1bb
 232 007f 48000000 		.4byte	0x48
 233 0083 02       		.uleb128 0x2
 234 0084 04       		.byte	0x4
 235 0085 04       		.byte	0x4
 236 0086 94000000 		.4byte	.LASF11
 237 008a 02       		.uleb128 0x2
 238 008b 08       		.byte	0x8
 239 008c 04       		.byte	0x4
 240 008d EF000000 		.4byte	.LASF12
 241 0091 02       		.uleb128 0x2
 242 0092 01       		.byte	0x1
 243 0093 08       		.byte	0x8
 244 0094 D6010000 		.4byte	.LASF13
 245 0098 04       		.uleb128 0x4
 246 0099 00000000 		.4byte	.LASF14
 247 009d 02       		.byte	0x2
 248 009e 6502     		.2byte	0x265
ARM GAS  C:\Users\a83571\AppData\Local\Temp\ccJHejXJ.s 			page 8


 249 00a0 A4000000 		.4byte	0xa4
 250 00a4 05       		.uleb128 0x5
 251 00a5 77000000 		.4byte	0x77
 252 00a9 02       		.uleb128 0x2
 253 00aa 04       		.byte	0x4
 254 00ab 07       		.byte	0x7
 255 00ac 31010000 		.4byte	.LASF15
 256 00b0 06       		.uleb128 0x6
 257 00b1 01       		.byte	0x1
 258 00b2 03       		.byte	0x3
 259 00b3 8D       		.byte	0x8d
 260 00b4 C5000000 		.4byte	0xc5
 261 00b8 07       		.uleb128 0x7
 262 00b9 55020000 		.4byte	.LASF30
 263 00bd 03       		.byte	0x3
 264 00be 8F       		.byte	0x8f
 265 00bf 6B000000 		.4byte	0x6b
 266 00c3 00       		.byte	0
 267 00c4 00       		.byte	0
 268 00c5 08       		.uleb128 0x8
 269 00c6 1B020000 		.4byte	.LASF16
 270 00ca 03       		.byte	0x3
 271 00cb 90       		.byte	0x90
 272 00cc B0000000 		.4byte	0xb0
 273 00d0 09       		.uleb128 0x9
 274 00d1 38020000 		.4byte	.LASF17
 275 00d5 01       		.byte	0x1
 276 00d6 2E       		.byte	0x2e
 277 00d7 00000000 		.4byte	.LFB36
 278 00db 18000000 		.4byte	.LFE36-.LFB36
 279 00df 01       		.uleb128 0x1
 280 00e0 9C       		.byte	0x9c
 281 00e1 0A       		.uleb128 0xa
 282 00e2 DB010000 		.4byte	.LASF19
 283 00e6 01       		.byte	0x1
 284 00e7 49       		.byte	0x49
 285 00e8 00000000 		.4byte	.LFB37
 286 00ec 30000000 		.4byte	.LFE37-.LFB37
 287 00f0 01       		.uleb128 0x1
 288 00f1 9C       		.byte	0x9c
 289 00f2 25010000 		.4byte	0x125
 290 00f6 0B       		.uleb128 0xb
 291 00f7 06000000 		.4byte	.LVL0
 292 00fb D0000000 		.4byte	0xd0
 293 00ff 0C       		.uleb128 0xc
 294 0100 0C000000 		.4byte	.LVL1
 295 0104 8E010000 		.4byte	0x18e
 296 0108 12010000 		.4byte	0x112
 297 010c 0D       		.uleb128 0xd
 298 010d 01       		.uleb128 0x1
 299 010e 50       		.byte	0x50
 300 010f 01       		.uleb128 0x1
 301 0110 40       		.byte	0x40
 302 0111 00       		.byte	0
 303 0112 0B       		.uleb128 0xb
 304 0113 22000000 		.4byte	.LVL2
 305 0117 9F010000 		.4byte	0x19f
ARM GAS  C:\Users\a83571\AppData\Local\Temp\ccJHejXJ.s 			page 9


 306 011b 0B       		.uleb128 0xb
 307 011c 26000000 		.4byte	.LVL3
 308 0120 A6010000 		.4byte	0x1a6
 309 0124 00       		.byte	0
 310 0125 09       		.uleb128 0x9
 311 0126 7D020000 		.4byte	.LASF18
 312 012a 01       		.byte	0x1
 313 012b 72       		.byte	0x72
 314 012c 00000000 		.4byte	.LFB38
 315 0130 02000000 		.4byte	.LFE38-.LFB38
 316 0134 01       		.uleb128 0x1
 317 0135 9C       		.byte	0x9c
 318 0136 0A       		.uleb128 0xa
 319 0137 FD000000 		.4byte	.LASF20
 320 013b 01       		.byte	0x1
 321 013c 8C       		.byte	0x8c
 322 013d 00000000 		.4byte	.LFB39
 323 0141 20000000 		.4byte	.LFE39-.LFB39
 324 0145 01       		.uleb128 0x1
 325 0146 9C       		.byte	0x9c
 326 0147 7D010000 		.4byte	0x17d
 327 014b 0C       		.uleb128 0xc
 328 014c 08000000 		.4byte	.LVL4
 329 0150 AD010000 		.4byte	0x1ad
 330 0154 5F010000 		.4byte	0x15f
 331 0158 0D       		.uleb128 0xd
 332 0159 01       		.uleb128 0x1
 333 015a 50       		.byte	0x50
 334 015b 02       		.uleb128 0x2
 335 015c 08       		.byte	0x8
 336 015d FF       		.byte	0xff
 337 015e 00       		.byte	0
 338 015f 0C       		.uleb128 0xc
 339 0160 0E000000 		.4byte	.LVL5
 340 0164 BE010000 		.4byte	0x1be
 341 0168 73010000 		.4byte	0x173
 342 016c 0D       		.uleb128 0xd
 343 016d 01       		.uleb128 0x1
 344 016e 50       		.byte	0x50
 345 016f 02       		.uleb128 0x2
 346 0170 08       		.byte	0x8
 347 0171 FF       		.byte	0xff
 348 0172 00       		.byte	0
 349 0173 0B       		.uleb128 0xb
 350 0174 1A000000 		.4byte	.LVL6
 351 0178 CF010000 		.4byte	0x1cf
 352 017c 00       		.byte	0
 353 017d 0E       		.uleb128 0xe
 354 017e A8000000 		.4byte	.LASF31
 355 0182 01       		.byte	0x1
 356 0183 13       		.byte	0x13
 357 0184 C5000000 		.4byte	0xc5
 358 0188 05       		.uleb128 0x5
 359 0189 03       		.byte	0x3
 360 018a 00000000 		.4byte	CapSense_backup
 361 018e 0F       		.uleb128 0xf
 362 018f 04020000 		.4byte	.LASF23
ARM GAS  C:\Users\a83571\AppData\Local\Temp\ccJHejXJ.s 			page 10


 363 0193 06       		.byte	0x6
 364 0194 C5       		.byte	0xc5
 365 0195 9F010000 		.4byte	0x19f
 366 0199 10       		.uleb128 0x10
 367 019a 6B000000 		.4byte	0x6b
 368 019e 00       		.byte	0
 369 019f 11       		.uleb128 0x11
 370 01a0 94020000 		.4byte	.LASF21
 371 01a4 04       		.byte	0x4
 372 01a5 27       		.byte	0x27
 373 01a6 11       		.uleb128 0x11
 374 01a7 06000000 		.4byte	.LASF22
 375 01ab 05       		.byte	0x5
 376 01ac 27       		.byte	0x27
 377 01ad 0F       		.uleb128 0xf
 378 01ae EA010000 		.4byte	.LASF24
 379 01b2 04       		.byte	0x4
 380 01b3 1D       		.byte	0x1d
 381 01b4 BE010000 		.4byte	0x1be
 382 01b8 10       		.uleb128 0x10
 383 01b9 77000000 		.4byte	0x77
 384 01bd 00       		.byte	0
 385 01be 0F       		.uleb128 0xf
 386 01bf 31000000 		.4byte	.LASF25
 387 01c3 05       		.byte	0x5
 388 01c4 1D       		.byte	0x1d
 389 01c5 CF010000 		.4byte	0x1cf
 390 01c9 10       		.uleb128 0x10
 391 01ca 77000000 		.4byte	0x77
 392 01ce 00       		.byte	0
 393 01cf 11       		.uleb128 0x11
 394 01d0 6D020000 		.4byte	.LASF26
 395 01d4 03       		.byte	0x3
 396 01d5 98       		.byte	0x98
 397 01d6 00       		.byte	0
 398              		.section	.debug_abbrev,"",%progbits
 399              	.Ldebug_abbrev0:
 400 0000 01       		.uleb128 0x1
 401 0001 11       		.uleb128 0x11
 402 0002 01       		.byte	0x1
 403 0003 25       		.uleb128 0x25
 404 0004 0E       		.uleb128 0xe
 405 0005 13       		.uleb128 0x13
 406 0006 0B       		.uleb128 0xb
 407 0007 03       		.uleb128 0x3
 408 0008 0E       		.uleb128 0xe
 409 0009 1B       		.uleb128 0x1b
 410 000a 0E       		.uleb128 0xe
 411 000b 55       		.uleb128 0x55
 412 000c 17       		.uleb128 0x17
 413 000d 11       		.uleb128 0x11
 414 000e 01       		.uleb128 0x1
 415 000f 10       		.uleb128 0x10
 416 0010 17       		.uleb128 0x17
 417 0011 00       		.byte	0
 418 0012 00       		.byte	0
 419 0013 02       		.uleb128 0x2
ARM GAS  C:\Users\a83571\AppData\Local\Temp\ccJHejXJ.s 			page 11


 420 0014 24       		.uleb128 0x24
 421 0015 00       		.byte	0
 422 0016 0B       		.uleb128 0xb
 423 0017 0B       		.uleb128 0xb
 424 0018 3E       		.uleb128 0x3e
 425 0019 0B       		.uleb128 0xb
 426 001a 03       		.uleb128 0x3
 427 001b 0E       		.uleb128 0xe
 428 001c 00       		.byte	0
 429 001d 00       		.byte	0
 430 001e 03       		.uleb128 0x3
 431 001f 24       		.uleb128 0x24
 432 0020 00       		.byte	0
 433 0021 0B       		.uleb128 0xb
 434 0022 0B       		.uleb128 0xb
 435 0023 3E       		.uleb128 0x3e
 436 0024 0B       		.uleb128 0xb
 437 0025 03       		.uleb128 0x3
 438 0026 08       		.uleb128 0x8
 439 0027 00       		.byte	0
 440 0028 00       		.byte	0
 441 0029 04       		.uleb128 0x4
 442 002a 16       		.uleb128 0x16
 443 002b 00       		.byte	0
 444 002c 03       		.uleb128 0x3
 445 002d 0E       		.uleb128 0xe
 446 002e 3A       		.uleb128 0x3a
 447 002f 0B       		.uleb128 0xb
 448 0030 3B       		.uleb128 0x3b
 449 0031 05       		.uleb128 0x5
 450 0032 49       		.uleb128 0x49
 451 0033 13       		.uleb128 0x13
 452 0034 00       		.byte	0
 453 0035 00       		.byte	0
 454 0036 05       		.uleb128 0x5
 455 0037 35       		.uleb128 0x35
 456 0038 00       		.byte	0
 457 0039 49       		.uleb128 0x49
 458 003a 13       		.uleb128 0x13
 459 003b 00       		.byte	0
 460 003c 00       		.byte	0
 461 003d 06       		.uleb128 0x6
 462 003e 13       		.uleb128 0x13
 463 003f 01       		.byte	0x1
 464 0040 0B       		.uleb128 0xb
 465 0041 0B       		.uleb128 0xb
 466 0042 3A       		.uleb128 0x3a
 467 0043 0B       		.uleb128 0xb
 468 0044 3B       		.uleb128 0x3b
 469 0045 0B       		.uleb128 0xb
 470 0046 01       		.uleb128 0x1
 471 0047 13       		.uleb128 0x13
 472 0048 00       		.byte	0
 473 0049 00       		.byte	0
 474 004a 07       		.uleb128 0x7
 475 004b 0D       		.uleb128 0xd
 476 004c 00       		.byte	0
ARM GAS  C:\Users\a83571\AppData\Local\Temp\ccJHejXJ.s 			page 12


 477 004d 03       		.uleb128 0x3
 478 004e 0E       		.uleb128 0xe
 479 004f 3A       		.uleb128 0x3a
 480 0050 0B       		.uleb128 0xb
 481 0051 3B       		.uleb128 0x3b
 482 0052 0B       		.uleb128 0xb
 483 0053 49       		.uleb128 0x49
 484 0054 13       		.uleb128 0x13
 485 0055 38       		.uleb128 0x38
 486 0056 0B       		.uleb128 0xb
 487 0057 00       		.byte	0
 488 0058 00       		.byte	0
 489 0059 08       		.uleb128 0x8
 490 005a 16       		.uleb128 0x16
 491 005b 00       		.byte	0
 492 005c 03       		.uleb128 0x3
 493 005d 0E       		.uleb128 0xe
 494 005e 3A       		.uleb128 0x3a
 495 005f 0B       		.uleb128 0xb
 496 0060 3B       		.uleb128 0x3b
 497 0061 0B       		.uleb128 0xb
 498 0062 49       		.uleb128 0x49
 499 0063 13       		.uleb128 0x13
 500 0064 00       		.byte	0
 501 0065 00       		.byte	0
 502 0066 09       		.uleb128 0x9
 503 0067 2E       		.uleb128 0x2e
 504 0068 00       		.byte	0
 505 0069 3F       		.uleb128 0x3f
 506 006a 19       		.uleb128 0x19
 507 006b 03       		.uleb128 0x3
 508 006c 0E       		.uleb128 0xe
 509 006d 3A       		.uleb128 0x3a
 510 006e 0B       		.uleb128 0xb
 511 006f 3B       		.uleb128 0x3b
 512 0070 0B       		.uleb128 0xb
 513 0071 27       		.uleb128 0x27
 514 0072 19       		.uleb128 0x19
 515 0073 11       		.uleb128 0x11
 516 0074 01       		.uleb128 0x1
 517 0075 12       		.uleb128 0x12
 518 0076 06       		.uleb128 0x6
 519 0077 40       		.uleb128 0x40
 520 0078 18       		.uleb128 0x18
 521 0079 9742     		.uleb128 0x2117
 522 007b 19       		.uleb128 0x19
 523 007c 00       		.byte	0
 524 007d 00       		.byte	0
 525 007e 0A       		.uleb128 0xa
 526 007f 2E       		.uleb128 0x2e
 527 0080 01       		.byte	0x1
 528 0081 3F       		.uleb128 0x3f
 529 0082 19       		.uleb128 0x19
 530 0083 03       		.uleb128 0x3
 531 0084 0E       		.uleb128 0xe
 532 0085 3A       		.uleb128 0x3a
 533 0086 0B       		.uleb128 0xb
ARM GAS  C:\Users\a83571\AppData\Local\Temp\ccJHejXJ.s 			page 13


 534 0087 3B       		.uleb128 0x3b
 535 0088 0B       		.uleb128 0xb
 536 0089 27       		.uleb128 0x27
 537 008a 19       		.uleb128 0x19
 538 008b 11       		.uleb128 0x11
 539 008c 01       		.uleb128 0x1
 540 008d 12       		.uleb128 0x12
 541 008e 06       		.uleb128 0x6
 542 008f 40       		.uleb128 0x40
 543 0090 18       		.uleb128 0x18
 544 0091 9742     		.uleb128 0x2117
 545 0093 19       		.uleb128 0x19
 546 0094 01       		.uleb128 0x1
 547 0095 13       		.uleb128 0x13
 548 0096 00       		.byte	0
 549 0097 00       		.byte	0
 550 0098 0B       		.uleb128 0xb
 551 0099 898201   		.uleb128 0x4109
 552 009c 00       		.byte	0
 553 009d 11       		.uleb128 0x11
 554 009e 01       		.uleb128 0x1
 555 009f 31       		.uleb128 0x31
 556 00a0 13       		.uleb128 0x13
 557 00a1 00       		.byte	0
 558 00a2 00       		.byte	0
 559 00a3 0C       		.uleb128 0xc
 560 00a4 898201   		.uleb128 0x4109
 561 00a7 01       		.byte	0x1
 562 00a8 11       		.uleb128 0x11
 563 00a9 01       		.uleb128 0x1
 564 00aa 31       		.uleb128 0x31
 565 00ab 13       		.uleb128 0x13
 566 00ac 01       		.uleb128 0x1
 567 00ad 13       		.uleb128 0x13
 568 00ae 00       		.byte	0
 569 00af 00       		.byte	0
 570 00b0 0D       		.uleb128 0xd
 571 00b1 8A8201   		.uleb128 0x410a
 572 00b4 00       		.byte	0
 573 00b5 02       		.uleb128 0x2
 574 00b6 18       		.uleb128 0x18
 575 00b7 9142     		.uleb128 0x2111
 576 00b9 18       		.uleb128 0x18
 577 00ba 00       		.byte	0
 578 00bb 00       		.byte	0
 579 00bc 0E       		.uleb128 0xe
 580 00bd 34       		.uleb128 0x34
 581 00be 00       		.byte	0
 582 00bf 03       		.uleb128 0x3
 583 00c0 0E       		.uleb128 0xe
 584 00c1 3A       		.uleb128 0x3a
 585 00c2 0B       		.uleb128 0xb
 586 00c3 3B       		.uleb128 0x3b
 587 00c4 0B       		.uleb128 0xb
 588 00c5 49       		.uleb128 0x49
 589 00c6 13       		.uleb128 0x13
 590 00c7 02       		.uleb128 0x2
ARM GAS  C:\Users\a83571\AppData\Local\Temp\ccJHejXJ.s 			page 14


 591 00c8 18       		.uleb128 0x18
 592 00c9 00       		.byte	0
 593 00ca 00       		.byte	0
 594 00cb 0F       		.uleb128 0xf
 595 00cc 2E       		.uleb128 0x2e
 596 00cd 01       		.byte	0x1
 597 00ce 3F       		.uleb128 0x3f
 598 00cf 19       		.uleb128 0x19
 599 00d0 03       		.uleb128 0x3
 600 00d1 0E       		.uleb128 0xe
 601 00d2 3A       		.uleb128 0x3a
 602 00d3 0B       		.uleb128 0xb
 603 00d4 3B       		.uleb128 0x3b
 604 00d5 0B       		.uleb128 0xb
 605 00d6 27       		.uleb128 0x27
 606 00d7 19       		.uleb128 0x19
 607 00d8 3C       		.uleb128 0x3c
 608 00d9 19       		.uleb128 0x19
 609 00da 01       		.uleb128 0x1
 610 00db 13       		.uleb128 0x13
 611 00dc 00       		.byte	0
 612 00dd 00       		.byte	0
 613 00de 10       		.uleb128 0x10
 614 00df 05       		.uleb128 0x5
 615 00e0 00       		.byte	0
 616 00e1 49       		.uleb128 0x49
 617 00e2 13       		.uleb128 0x13
 618 00e3 00       		.byte	0
 619 00e4 00       		.byte	0
 620 00e5 11       		.uleb128 0x11
 621 00e6 2E       		.uleb128 0x2e
 622 00e7 00       		.byte	0
 623 00e8 3F       		.uleb128 0x3f
 624 00e9 19       		.uleb128 0x19
 625 00ea 03       		.uleb128 0x3
 626 00eb 0E       		.uleb128 0xe
 627 00ec 3A       		.uleb128 0x3a
 628 00ed 0B       		.uleb128 0xb
 629 00ee 3B       		.uleb128 0x3b
 630 00ef 0B       		.uleb128 0xb
 631 00f0 27       		.uleb128 0x27
 632 00f1 19       		.uleb128 0x19
 633 00f2 3C       		.uleb128 0x3c
 634 00f3 19       		.uleb128 0x19
 635 00f4 00       		.byte	0
 636 00f5 00       		.byte	0
 637 00f6 00       		.byte	0
 638              		.section	.debug_aranges,"",%progbits
 639 0000 34000000 		.4byte	0x34
 640 0004 0200     		.2byte	0x2
 641 0006 00000000 		.4byte	.Ldebug_info0
 642 000a 04       		.byte	0x4
 643 000b 00       		.byte	0
 644 000c 0000     		.2byte	0
 645 000e 0000     		.2byte	0
 646 0010 00000000 		.4byte	.LFB36
 647 0014 18000000 		.4byte	.LFE36-.LFB36
ARM GAS  C:\Users\a83571\AppData\Local\Temp\ccJHejXJ.s 			page 15


 648 0018 00000000 		.4byte	.LFB37
 649 001c 30000000 		.4byte	.LFE37-.LFB37
 650 0020 00000000 		.4byte	.LFB38
 651 0024 02000000 		.4byte	.LFE38-.LFB38
 652 0028 00000000 		.4byte	.LFB39
 653 002c 20000000 		.4byte	.LFE39-.LFB39
 654 0030 00000000 		.4byte	0
 655 0034 00000000 		.4byte	0
 656              		.section	.debug_ranges,"",%progbits
 657              	.Ldebug_ranges0:
 658 0000 00000000 		.4byte	.LFB36
 659 0004 18000000 		.4byte	.LFE36
 660 0008 00000000 		.4byte	.LFB37
 661 000c 30000000 		.4byte	.LFE37
 662 0010 00000000 		.4byte	.LFB38
 663 0014 02000000 		.4byte	.LFE38
 664 0018 00000000 		.4byte	.LFB39
 665 001c 20000000 		.4byte	.LFE39
 666 0020 00000000 		.4byte	0
 667 0024 00000000 		.4byte	0
 668              		.section	.debug_line,"",%progbits
 669              	.Ldebug_line0:
 670 0000 E5000000 		.section	.debug_str,"MS",%progbits,1
 670      02009000 
 670      00000201 
 670      FB0E0D00 
 670      01010101 
 671              	.LASF14:
 672 0000 72656733 		.ascii	"reg32\000"
 672      3200
 673              	.LASF22:
 674 0006 43617053 		.ascii	"CapSense_SampleClk_Stop\000"
 674      656E7365 
 674      5F53616D 
 674      706C6543 
 674      6C6B5F53 
 675              	.LASF3:
 676 001e 73686F72 		.ascii	"short unsigned int\000"
 676      7420756E 
 676      7369676E 
 676      65642069 
 676      6E7400
 677              	.LASF25:
 678 0031 43617053 		.ascii	"CapSense_SampleClk_StartEx\000"
 678      656E7365 
 678      5F53616D 
 678      706C6543 
 678      6C6B5F53 
 679              	.LASF29:
 680 004c 443A5C43 		.ascii	"D:\\Chau Nguyen\\OneDrive\\Arrow\\RangDong\\RangDon"
 680      68617520 
 680      4E677579 
 680      656E5C4F 
 680      6E654472 
 681 007a 6744656D 		.ascii	"gDemo\\BLE_RGB_TOUCH.cydsn\000"
 681      6F5C424C 
 681      455F5247 
ARM GAS  C:\Users\a83571\AppData\Local\Temp\ccJHejXJ.s 			page 16


 681      425F544F 
 681      5543482E 
 682              	.LASF11:
 683 0094 666C6F61 		.ascii	"float\000"
 683      7400
 684              	.LASF1:
 685 009a 756E7369 		.ascii	"unsigned char\000"
 685      676E6564 
 685      20636861 
 685      7200
 686              	.LASF31:
 687 00a8 43617053 		.ascii	"CapSense_backup\000"
 687      656E7365 
 687      5F626163 
 687      6B757000 
 688              	.LASF5:
 689 00b8 6C6F6E67 		.ascii	"long unsigned int\000"
 689      20756E73 
 689      69676E65 
 689      6420696E 
 689      7400
 690              	.LASF28:
 691 00ca 47656E65 		.ascii	"Generated_Source\\PSoC4\\CapSense_PM.c\000"
 691      72617465 
 691      645F536F 
 691      75726365 
 691      5C50536F 
 692              	.LASF12:
 693 00ef 646F7562 		.ascii	"double\000"
 693      6C6500
 694              	.LASF10:
 695 00f6 75696E74 		.ascii	"uint32\000"
 695      333200
 696              	.LASF20:
 697 00fd 43617053 		.ascii	"CapSense_Wakeup\000"
 697      656E7365 
 697      5F57616B 
 697      65757000 
 698              	.LASF8:
 699 010d 756E7369 		.ascii	"unsigned int\000"
 699      676E6564 
 699      20696E74 
 699      00
 700              	.LASF7:
 701 011a 6C6F6E67 		.ascii	"long long unsigned int\000"
 701      206C6F6E 
 701      6720756E 
 701      7369676E 
 701      65642069 
 702              	.LASF15:
 703 0131 73697A65 		.ascii	"sizetype\000"
 703      74797065 
 703      00
 704              	.LASF27:
 705 013a 474E5520 		.ascii	"GNU C 4.9.3 20150303 (release) [ARM/embedded-4_9-br"
 705      4320342E 
 705      392E3320 
ARM GAS  C:\Users\a83571\AppData\Local\Temp\ccJHejXJ.s 			page 17


 705      32303135 
 705      30333033 
 706 016d 616E6368 		.ascii	"anch revision 221220] -mcpu=cortex-m0 -mthumb -g -O"
 706      20726576 
 706      6973696F 
 706      6E203232 
 706      31323230 
 707 01a0 67202D66 		.ascii	"g -ffunction-sections -ffat-lto-objects\000"
 707      66756E63 
 707      74696F6E 
 707      2D736563 
 707      74696F6E 
 708              	.LASF6:
 709 01c8 6C6F6E67 		.ascii	"long long int\000"
 709      206C6F6E 
 709      6720696E 
 709      7400
 710              	.LASF13:
 711 01d6 63686172 		.ascii	"char\000"
 711      00
 712              	.LASF19:
 713 01db 43617053 		.ascii	"CapSense_Sleep\000"
 713      656E7365 
 713      5F536C65 
 713      657000
 714              	.LASF24:
 715 01ea 43617053 		.ascii	"CapSense_SenseClk_StartEx\000"
 715      656E7365 
 715      5F53656E 
 715      7365436C 
 715      6B5F5374 
 716              	.LASF23:
 717 0204 4379496E 		.ascii	"CyIntDisable\000"
 717      74446973 
 717      61626C65 
 717      00
 718              	.LASF2:
 719 0211 73686F72 		.ascii	"short int\000"
 719      7420696E 
 719      7400
 720              	.LASF16:
 721 021b 43617053 		.ascii	"CapSense_BACKUP_STRUCT\000"
 721      656E7365 
 721      5F424143 
 721      4B55505F 
 721      53545255 
 722              	.LASF9:
 723 0232 75696E74 		.ascii	"uint8\000"
 723      3800
 724              	.LASF17:
 725 0238 43617053 		.ascii	"CapSense_SaveConfig\000"
 725      656E7365 
 725      5F536176 
 725      65436F6E 
 725      66696700 
 726              	.LASF4:
 727 024c 6C6F6E67 		.ascii	"long int\000"
ARM GAS  C:\Users\a83571\AppData\Local\Temp\ccJHejXJ.s 			page 18


 727      20696E74 
 727      00
 728              	.LASF30:
 729 0255 656E6162 		.ascii	"enableState\000"
 729      6C655374 
 729      61746500 
 730              	.LASF0:
 731 0261 7369676E 		.ascii	"signed char\000"
 731      65642063 
 731      68617200 
 732              	.LASF26:
 733 026d 43617053 		.ascii	"CapSense_Enable\000"
 733      656E7365 
 733      5F456E61 
 733      626C6500 
 734              	.LASF18:
 735 027d 43617053 		.ascii	"CapSense_RestoreConfig\000"
 735      656E7365 
 735      5F526573 
 735      746F7265 
 735      436F6E66 
 736              	.LASF21:
 737 0294 43617053 		.ascii	"CapSense_SenseClk_Stop\000"
 737      656E7365 
 737      5F53656E 
 737      7365436C 
 737      6B5F5374 
 738              		.ident	"GCC: (GNU Tools for ARM Embedded Processors) 4.9.3 20150303 (release) [ARM/embedded-4_9-br
